Five-neighbour graph features:   0%|          | 0/391 [00:00<?, ?it/s]Five-neighbour graph features:  17%|█▋        | 65/391 [00:00<00:00, 645.49it/s]Five-neighbour graph features:  33%|███▎      | 130/391 [00:00<00:00, 637.19it/s]Five-neighbour graph features:  50%|█████     | 196/391 [00:00<00:00, 645.89it/s]Five-neighbour graph features:  67%|██████▋   | 261/391 [00:00<00:00, 645.60it/s]Five-neighbour graph features:  85%|████████▍ | 331/391 [00:00<00:00, 663.51it/s]Five-neighbour graph features: 100%|██████████| 391/391 [00:00<00:00, 650.69it/s]
stratified fold 1/5
stratified fold 2/5
stratified fold 3/5
stratified fold 4/5
stratified fold 5/5
unseen_tool fold 1/5
unseen_tool fold 2/5
unseen_tool fold 3/5
unseen_tool fold 4/5
unseen_tool fold 5/5
leave_source_out fold 1/3
leave_source_out fold 2/3
leave_source_out fold 3/3
{
  "conventions": {
    "reliability": "mean of top-50 BM25/dense Jaccard and four-feature top-minus-median separation",
    "lambdamart": "XGBRanker rank:pairwise; 300 depth-3 trees; eta=.03; row/column subsample=.85",
    "graph": "five BGE-nearest neighbours; six mean CE features plus mean/max neighbour cosine",
    "historical_exact_settings_available": false
  },
  "aggregates": [
    {
      "protocol": "leave_source_out",
      "method": "LambdaMART",
      "n": 383,
      "hit": 0.3342036553524804,
      "recall": 0.3215839860748477,
      "complete": 0.31070496083550914,
      "mrr": 0.23472584856396864,
      "ndcg": 0.25180424079039904
    },
    {
      "protocol": "leave_source_out",
      "method": "LambdaMART-graph",
      "n": 383,
      "hit": 0.2741514360313316,
      "recall": 0.2634899912967798,
      "complete": 0.2558746736292428,
      "mrr": 0.19995648389904264,
      "ndcg": 0.2108373241988457
    },
    {
      "protocol": "leave_source_out",
      "method": "Reliability-gate",
      "n": 383,
      "hit": 0.40992167101827676,
      "recall": 0.3820713664055701,
      "complete": 0.3577023498694517,
      "mrr": 0.2973890339425588,
      "ndcg": 0.3113401131759037
    },
    {
      "protocol": "stratified",
      "method": "LambdaMART",
      "n": 391,
      "hit": 0.4680306905370844,
      "recall": 0.44394714407502134,
      "complete": 0.4219948849104859,
      "mrr": 0.3315004262574595,
      "ndcg": 0.3529258163163065
    },
    {
      "protocol": "stratified",
      "method": "LambdaMART-graph",
      "n": 391,
      "hit": 0.47570332480818417,
      "recall": 0.4516197783461211,
      "complete": 0.4296675191815857,
      "mrr": 0.3246376811594203,
      "ndcg": 0.35009612787319355
    },
    {
      "protocol": "stratified",
      "method": "Reliability-gate",
      "n": 391,
      "hit": 0.4578005115089514,
      "recall": 0.42875411033978805,
      "complete": 0.4040920716112532,
      "mrr": 0.34228473998294967,
      "ndcg": 0.3550684715281213
    },
    {
      "protocol": "unseen_tool",
      "method": "LambdaMART",
      "n": 391,
      "hit": 0.46035805626598464,
      "recall": 0.43755328218243816,
      "complete": 0.41687979539641945,
      "mrr": 0.32225063938618925,
      "ndcg": 0.34433339527152723
    },
    {
      "protocol": "unseen_tool",
      "method": "LambdaMART-graph",
      "n": 391,
      "hit": 0.45268542199488493,
      "recall": 0.4298806479113384,
      "complete": 0.4092071611253197,
      "mrr": 0.3202046035805627,
      "ndcg": 0.3404700845610859
    },
    {
      "protocol": "unseen_tool",
      "method": "Reliability-gate",
      "n": 391,
      "hit": 0.45268542199488493,
      "recall": 0.4305200341005967,
      "complete": 0.4092071611253197,
      "mrr": 0.3357630008525149,
      "ndcg": 0.35233958622004635
    }
  ]
}
